src/api/store/orders/[id]/tracking/route.ts(2,31): error TS2307: Cannot find module '../../../../services/shiprocket' or its corresponding type declarations.
src/api/store/shipping/serviceability/route.ts(2,31): error TS2307: Cannot find module '../../../services/shiprocket' or its corresponding type declarations.
src/modules/cod-payment/service.ts(3,5): error TS2724: '"@medusajs/types"' has no exported member named 'PaymentProviderError'. Did you mean 'IPaymentProvider'?
src/modules/cod-payment/service.ts(4,5): error TS2305: Module '"@medusajs/types"' has no exported member 'PaymentProviderSessionResponse'.
src/modules/cod-payment/service.ts(6,5): error TS2724: '"@medusajs/types"' has no exported member named 'CreatePaymentProviderSession'. Did you mean 'CreatePaymentProviderDTO'?
src/modules/cod-payment/service.ts(7,5): error TS2724: '"@medusajs/types"' has no exported member named 'UpdatePaymentProviderSession'. Did you mean 'UpdatePaymentSessionDTO'?
src/modules/cod-payment/service.ts(184,11): error TS2416: Property 'refundPayment' in type 'CodPaymentService' is not assignable to the same property in base type 'AbstractPaymentProvider<CodOptions>'.
  Type '(paymentSessionData: Record<string, unknown>, refundAmount: number) => Promise<any>' is not assignable to type '(input: RefundPaymentInput) => Promise<RefundPaymentOutput>'.
    Target signature provides too few arguments. Expected 2 or more, but got 1.
src/modules/cod-payment/service.ts(218,11): error TS2416: Property 'getPaymentStatus' in type 'CodPaymentService' is not assignable to the same property in base type 'AbstractPaymentProvider<CodOptions>'.
  Type '(paymentSessionData: Record<string, unknown>) => Promise<PaymentSessionStatus>' is not assignable to type '(input: GetPaymentStatusInput) => Promise<GetPaymentStatusOutput>'.
    Type 'Promise<PaymentSessionStatus>' is not assignable to type 'Promise<GetPaymentStatusOutput>'.
      Type 'string' is not assignable to type 'GetPaymentStatusOutput'.
        Type 'string' is not assignable to type 'GetPaymentStatusOutput'.
src/scripts/seed-india.ts(109,40): error TS2345: Argument of type 'string' is not assignable to parameter of type 'Error'.
